 
****************************************
Report : clock_gating
        -ungated
        -verbose
Design : SignMultiplier
Version: L-2016.03-SP1
Date   : Thu Dec 16 23:57:59 2021
****************************************


--------------------------------------------------------------------------------
                             Ungated Register Report
--------------------------------------------------------------------------------
           Ungated Register     |  Reason                  |  What Next?
--------------------------------------------------------------------------------
    dout_vld_reg_reg            |  Always enabled register |  -
                                |                          |
--------------------------------------------------------------------------------


                             Clock Gating Summary
          ------------------------------------------------------------
          |    Number of Clock gating elements    |        1         |
          |                                       |                  |
          |    Number of Gated registers          |    16 (94.12%)   |
          |                                       |                  |
          |    Number of Ungated registers        |     1 (5.88%)    |
          |                                       |                  |
          |    Total number of registers          |       17         |
          ------------------------------------------------------------



1
