 
****************************************
Report : reference
Design : SignMultiplier
Version: L-2016.03-SP1
Date   : Sun Mar 13 16:35:23 2022
****************************************

Attributes:
    b - black box (unknown)
   bo - allows boundary optimization
    d - dont_touch
   mo - map_only
    h - hierarchical
    n - noncombinational
    r - removable
    s - synthetic operator
    u - contains unmapped logic

Reference          Library       Unit Area   Count    Total Area   Attributes
-----------------------------------------------------------------------------
AO21D1BWP7T35P140  tcbn28hpcplusbwp7t35p140ssg0p81v125c_ccs
                                  0.490000      11      5.390000  
AOI21D1BWP7T35P140 tcbn28hpcplusbwp7t35p140ssg0p81v125c_ccs
                                  0.490000      12      5.880000  
AOI22D1BWP7T35P140 tcbn28hpcplusbwp7t35p140ssg0p81v125c_ccs
                                  0.490000     116     56.840001  
AOI31D1BWP7T35P140 tcbn28hpcplusbwp7t35p140ssg0p81v125c_ccs
                                  0.588000       2      1.176000  
AOI211D0BWP7T35P140
                   tcbn28hpcplusbwp7t35p140ssg0p81v125c_ccs
                                  0.490000       1      0.490000  
AOI221D1BWP7T35P140
                   tcbn28hpcplusbwp7t35p140ssg0p81v125c_ccs
                                  0.686000      95     65.169999  
DEL025D1BWP7T35P140
                   tcbn28hpcplusbwp7t35p140ssg0p81v125c_ccs
                                  0.294000       1      0.294000  
DFCNQD1BWP7T35P140 tcbn28hpcplusbwp7t35p140ssg0p81v125c_ccs
                                  1.862000      33     61.446000  n
FA1D1BWP7T35P140   tcbn28hpcplusbwp7t35p140ssg0p81v125c_ccs
                                  1.666000     118    196.588001  r
INR2D1BWP7T35P140  tcbn28hpcplusbwp7t35p140ssg0p81v125c_ccs
                                  0.392000       1      0.392000  
INVD1BWP7T35P140   tcbn28hpcplusbwp7t35p140ssg0p81v125c_ccs
                                  0.196000     143     28.027999  
ND2D1BWP7T35P140   tcbn28hpcplusbwp7t35p140ssg0p81v125c_ccs
                                  0.294000      26      7.644000  
ND3D1BWP7T35P140   tcbn28hpcplusbwp7t35p140ssg0p81v125c_ccs
                                  0.392000       4      1.568000  
NR2D1BWP7T35P140   tcbn28hpcplusbwp7t35p140ssg0p81v125c_ccs
                                  0.294000      20      5.880000  
NR3D0BWP7T35P140   tcbn28hpcplusbwp7t35p140ssg0p81v125c_ccs
                                  0.392000      10      3.920000  
OA21D0BWP7T35P140  tcbn28hpcplusbwp7t35p140ssg0p81v125c_ccs
                                  0.490000       6      2.940000  
OA31D0BWP7T35P140  tcbn28hpcplusbwp7t35p140ssg0p81v125c_ccs
                                  0.588000       4      2.352000  
OAI21D1BWP7T35P140 tcbn28hpcplusbwp7t35p140ssg0p81v125c_ccs
                                  0.490000      12      5.880000  
OAI22D1BWP7T35P140 tcbn28hpcplusbwp7t35p140ssg0p81v125c_ccs
                                  0.490000      19      9.310000  
OAI211D0BWP7T35P140
                   tcbn28hpcplusbwp7t35p140ssg0p81v125c_ccs
                                  0.490000       1      0.490000  
OAI221D0BWP7T35P140
                   tcbn28hpcplusbwp7t35p140ssg0p81v125c_ccs
                                  0.686000       1      0.686000  
OR2D1BWP7T35P140   tcbn28hpcplusbwp7t35p140ssg0p81v125c_ccs
                                  0.392000       2      0.784000  
SNPS_CLOCK_GATE_HIGH_SignMultiplier
                                  1.470000       1      1.470000  b, h
TIELBWP7T35P140    tcbn28hpcplusbwp7t35p140ssg0p81v125c_ccs
                                  0.196000       1      0.196000  
-----------------------------------------------------------------------------
Total 24 references                                   464.814000
1
