 
****************************************
Report : clock_gating
        -gated
        -verbose
Design : SignMultiplier
Version: L-2016.03-SP1
Date   : Sun Mar 13 16:35:24 2022
****************************************


--------------------------------------------------------------------------------
                             Gated Register Report
--------------------------------------------------------------------------------
            Clock Gating Bank                    |         Gated Register 
--------------------------------------------------------------------------------
                                                 |
 clk_gate_Result_reg                             |       Result_reg_0_
                                                 |       Result_reg_1_
                                                 |       Result_reg_2_
                                                 |       Result_reg_3_
                                                 |       Result_reg_4_
                                                 |       Result_reg_5_
                                                 |       Result_reg_6_
                                                 |       Result_reg_7_
                                                 |       Result_reg_8_
                                                 |       Result_reg_9_
                                                 |       Result_reg_10_
                                                 |       Result_reg_11_
                                                 |       Result_reg_12_
                                                 |       Result_reg_13_
                                                 |       Result_reg_14_
                                                 |       Result_reg_15_
                                                 |       Result_reg_16_
                                                 |       Result_reg_17_
                                                 |       Result_reg_18_
                                                 |       Result_reg_19_
                                                 |       Result_reg_20_
                                                 |       Result_reg_21_
                                                 |       Result_reg_22_
                                                 |       Result_reg_23_
                                                 |       Result_reg_24_
                                                 |       Result_reg_25_
                                                 |       Result_reg_26_
                                                 |       Result_reg_27_
                                                 |       Result_reg_31_
                                                 |       Result_reg_28_
                                                 |       Result_reg_29_
                                                 |       Result_reg_30_
                                                 |
--------------------------------------------------------------------------------


                             Clock Gating Summary
          ------------------------------------------------------------
          |    Number of Clock gating elements    |        1         |
          |                                       |                  |
          |    Number of Gated registers          |    32 (96.97%)   |
          |                                       |                  |
          |    Number of Ungated registers        |     1 (3.03%)    |
          |                                       |                  |
          |    Total number of registers          |       33         |
          ------------------------------------------------------------



1
