 
****************************************
Report : reference
Design : SignMultiplier
Version: L-2016.03-SP1
Date   : Thu Dec 16 23:57:58 2021
****************************************

Attributes:
    b - black box (unknown)
   bo - allows boundary optimization
    d - dont_touch
   mo - map_only
    h - hierarchical
    n - noncombinational
    r - removable
    s - synthetic operator
    u - contains unmapped logic

Reference          Library       Unit Area   Count    Total Area   Attributes
-----------------------------------------------------------------------------
AN2D0BWP7T35P140   tcbn28hpcplusbwp7t35p140ssg0p81v125c_ccs
                                  0.392000       1      0.392000  
AO21D1BWP7T35P140  tcbn28hpcplusbwp7t35p140ssg0p81v125c_ccs
                                  0.490000       5      2.450000  
AOI21D1BWP7T35P140 tcbn28hpcplusbwp7t35p140ssg0p81v125c_ccs
                                  0.490000       6      2.940000  
AOI22D1BWP7T35P140 tcbn28hpcplusbwp7t35p140ssg0p81v125c_ccs
                                  0.490000      41     20.090000  
AOI211D0BWP7T35P140
                   tcbn28hpcplusbwp7t35p140ssg0p81v125c_ccs
                                  0.490000       2      0.980000  
AOI221D1BWP7T35P140
                   tcbn28hpcplusbwp7t35p140ssg0p81v125c_ccs
                                  0.686000       4      2.744000  
DFCNQD1BWP7T35P140 tcbn28hpcplusbwp7t35p140ssg0p81v125c_ccs
                                  1.862000      17     31.654000  n
FA1D1BWP7T35P140   tcbn28hpcplusbwp7t35p140ssg0p81v125c_ccs
                                  1.666000      26     43.316000  r
INVD1BWP7T35P140   tcbn28hpcplusbwp7t35p140ssg0p81v125c_ccs
                                  0.196000      70     13.720000  
MAOI22D1BWP7T35P140
                   tcbn28hpcplusbwp7t35p140ssg0p81v125c_ccs
                                  0.588000       3      1.764000  
ND2D1BWP7T35P140   tcbn28hpcplusbwp7t35p140ssg0p81v125c_ccs
                                  0.294000       8      2.352000  
ND3D1BWP7T35P140   tcbn28hpcplusbwp7t35p140ssg0p81v125c_ccs
                                  0.392000       1      0.392000  
NR2D1BWP7T35P140   tcbn28hpcplusbwp7t35p140ssg0p81v125c_ccs
                                  0.294000       4      1.176000  
OA21D0BWP7T35P140  tcbn28hpcplusbwp7t35p140ssg0p81v125c_ccs
                                  0.490000       2      0.980000  
OA31D0BWP7T35P140  tcbn28hpcplusbwp7t35p140ssg0p81v125c_ccs
                                  0.588000       2      1.176000  
OAI21D1BWP7T35P140 tcbn28hpcplusbwp7t35p140ssg0p81v125c_ccs
                                  0.490000       3      1.470000  
OAI22D1BWP7T35P140 tcbn28hpcplusbwp7t35p140ssg0p81v125c_ccs
                                  0.490000      10      4.900000  
OAI221D0BWP7T35P140
                   tcbn28hpcplusbwp7t35p140ssg0p81v125c_ccs
                                  0.686000       1      0.686000  
SNPS_CLOCK_GATE_HIGH_SignMultiplier
                                  1.470000       1      1.470000  b, h
TIELBWP7T35P140    tcbn28hpcplusbwp7t35p140ssg0p81v125c_ccs
                                  0.196000       1      0.196000  
-----------------------------------------------------------------------------
Total 20 references                                   134.848000
1
