 
****************************************
Report : clock_gating
        -gated
        -verbose
Design : SignMultiplier
Version: L-2016.03-SP1
Date   : Thu Dec 16 23:57:58 2021
****************************************


--------------------------------------------------------------------------------
                             Gated Register Report
--------------------------------------------------------------------------------
            Clock Gating Bank                    |         Gated Register 
--------------------------------------------------------------------------------
                                                 |
 clk_gate_Result_reg                             |       Result_reg_0_
                                                 |       Result_reg_1_
                                                 |       Result_reg_2_
                                                 |       Result_reg_3_
                                                 |       Result_reg_4_
                                                 |       Result_reg_5_
                                                 |       Result_reg_6_
                                                 |       Result_reg_7_
                                                 |       Result_reg_8_
                                                 |       Result_reg_9_
                                                 |       Result_reg_10_
                                                 |       Result_reg_11_
                                                 |       Result_reg_12_
                                                 |       Result_reg_15_
                                                 |       Result_reg_13_
                                                 |       Result_reg_14_
                                                 |
--------------------------------------------------------------------------------


                             Clock Gating Summary
          ------------------------------------------------------------
          |    Number of Clock gating elements    |        1         |
          |                                       |                  |
          |    Number of Gated registers          |    16 (94.12%)   |
          |                                       |                  |
          |    Number of Ungated registers        |     1 (5.88%)    |
          |                                       |                  |
          |    Total number of registers          |       17         |
          ------------------------------------------------------------



1
