 
****************************************
Report : clock_gating
        -ungated
        -verbose
Design : SignMultiplier
Version: L-2016.03-SP1
Date   : Sun Mar 13 16:35:24 2022
****************************************


--------------------------------------------------------------------------------
                             Ungated Register Report
--------------------------------------------------------------------------------
           Ungated Register     |  Reason                  |  What Next?
--------------------------------------------------------------------------------
    dout_vld_reg_reg            |  Always enabled register |  -
                                |                          |
--------------------------------------------------------------------------------


                             Clock Gating Summary
          ------------------------------------------------------------
          |    Number of Clock gating elements    |        1         |
          |                                       |                  |
          |    Number of Gated registers          |    32 (96.97%)   |
          |                                       |                  |
          |    Number of Ungated registers        |     1 (3.03%)    |
          |                                       |                  |
          |    Total number of registers          |       33         |
          ------------------------------------------------------------



1
