 
****************************************
Report : power
        -analysis_effort low
        -verbose
Design : SignMultiplier
Version: L-2016.03-SP1
Date   : Sun Mar 13 16:35:23 2022
****************************************


Library(s) Used:

    tcbn28hpcplusbwp7t35p140ssg0p81v125c_ccs (File: /mnt/data/projects/ic_lib/tsmc28/tcbn28hpcplusbwp7t35p140ssg0p81v125c_ccs.db)


Operating Conditions: ssg0p81v125c   Library: tcbn28hpcplusbwp7t35p140ssg0p81v125c_ccs
Wire Load Model Mode: segmented

Design        Wire Load Model            Library
------------------------------------------------
SignMultiplier         ZeroWireload      tcbn28hpcplusbwp7t35p140ssg0p81v125c_ccs
SNPS_CLOCK_GATE_HIGH_SignMultiplier
                       ZeroWireload      tcbn28hpcplusbwp7t35p140ssg0p81v125c_ccs


Global Operating Voltage = 0.81 
Power-specific unit information :
    Voltage Units = 1V
    Capacitance Units = 1.000000pf
    Time Units = 1ns
    Dynamic Power Units = 1mW    (derived from V,C,T units)
    Leakage Power Units = 1nW


  Cell Internal Power  =  25.6125 uW   (61%)
  Net Switching Power  =  16.1301 uW   (39%)
                         ---------
Total Dynamic Power    =  41.7427 uW  (100%)

Cell Leakage Power     =   9.6229 uW

                 Internal         Switching           Leakage            Total                         Cell
Power Group      Power            Power               Power              Power   (   %    )  Attrs  Count
---------------------------------------------------------------------------------------------------------
io_pad             0.0000            0.0000            0.0000            0.0000  (   0.00%)            0
memory             0.0000            0.0000            0.0000            0.0000  (   0.00%)            0
black_box          0.0000            0.0000            0.0000            0.0000  (   0.00%)            0
clock_network  7.2773e-04        6.2964e-04           40.7598        1.3981e-03  (   2.72%)            1
register       1.0818e-02        6.0274e-03        1.3979e+03        1.8243e-02  (  35.52%)            33
sequential         0.0000            0.0000            0.0000            0.0000  (   0.00%)            0
combinational  1.4067e-02        9.4731e-03        8.1842e+03        3.1724e-02  (  61.76%)            605
---------------------------------------------------------------------------------------------------------
Total          2.5613e-02 mW     1.6130e-02 mW     9.6229e+03 nW     5.1366e-02 mW
1
